Chat query: 'hello'
Sources used: 6
Chat query: 'who am i'
Sources used: 6
Chat query: 'who am I'
Sources used: 6
Chat query: 'what is my current work'
Sources used: 6
Chat query: 'who am i and what do I do?'
Sources used: 2
Chat query: 'what are my projects?'
Sources used: 2
Chat query: 'what are my projects?'
Sources used: 2
Chat query: 'what are my goals?'
Sources used: 2
Chat query: "what's this?"
Sources used: 0
Chat query: 'plain text'
Sources used: 0
Chat query: "what's this?"
Sources used: 0
Chat query: 'plain text'
Sources used: 0
Chat query: "what's this?"
Sources used: 0
Chat query: 'plain text'
Sources used: 0
Chat query: "what's this?"
Sources used: 0
Chat query: 'plain text'
Sources used: 0
